Error: EPERM: operation not permitted, rmdir 'C:\Users\LENOVO\OneDrive\Documents\Riya_ai\test-results\login-OpenCart-admin-demo-login-with-self-healing-locators-chromium'

[1A[2K
